------------------------------------------------------------
Timing Analyzer Summary
------------------------------------------------------------

Type  : Slow 1200mV 85C Model Setup 'ClockDivider:clkDiv|cout'
Slack : -2.574
TNS   : -37.091

Type  : Slow 1200mV 85C Model Setup 'HorizentalVerticalControl:HVControl|VControl[0]'
Slack : -1.933
TNS   : -28.064

Type  : Slow 1200mV 85C Model Setup 'clk'
Slack : -0.446
TNS   : -0.446

Type  : Slow 1200mV 85C Model Hold 'ClockDivider:clkDiv|cout'
Slack : 0.381
TNS   : 0.000

Type  : Slow 1200mV 85C Model Hold 'clk'
Slack : 0.432
TNS   : 0.000

Type  : Slow 1200mV 85C Model Hold 'HorizentalVerticalControl:HVControl|VControl[0]'
Slack : 0.743
TNS   : 0.000

Type  : Slow 1200mV 85C Model Minimum Pulse Width 'clk'
Slack : -3.000
TNS   : -4.222

Type  : Slow 1200mV 85C Model Minimum Pulse Width 'ClockDivider:clkDiv|cout'
Slack : -1.222
TNS   : -24.440

Type  : Slow 1200mV 85C Model Minimum Pulse Width 'HorizentalVerticalControl:HVControl|VControl[0]'
Slack : -1.222
TNS   : -24.440

Type  : Slow 1200mV 0C Model Setup 'ClockDivider:clkDiv|cout'
Slack : -2.282
TNS   : -32.336

Type  : Slow 1200mV 0C Model Setup 'HorizentalVerticalControl:HVControl|VControl[0]'
Slack : -1.648
TNS   : -23.723

Type  : Slow 1200mV 0C Model Setup 'clk'
Slack : -0.280
TNS   : -0.280

Type  : Slow 1200mV 0C Model Hold 'clk'
Slack : 0.291
TNS   : 0.000

Type  : Slow 1200mV 0C Model Hold 'ClockDivider:clkDiv|cout'
Slack : 0.350
TNS   : 0.000

Type  : Slow 1200mV 0C Model Hold 'HorizentalVerticalControl:HVControl|VControl[0]'
Slack : 0.668
TNS   : 0.000

Type  : Slow 1200mV 0C Model Minimum Pulse Width 'clk'
Slack : -3.000
TNS   : -4.222

Type  : Slow 1200mV 0C Model Minimum Pulse Width 'ClockDivider:clkDiv|cout'
Slack : -1.222
TNS   : -24.440

Type  : Slow 1200mV 0C Model Minimum Pulse Width 'HorizentalVerticalControl:HVControl|VControl[0]'
Slack : -1.222
TNS   : -24.440

Type  : Fast 1200mV 0C Model Setup 'ClockDivider:clkDiv|cout'
Slack : -1.026
TNS   : -8.241

Type  : Fast 1200mV 0C Model Setup 'HorizentalVerticalControl:HVControl|VControl[0]'
Slack : -0.405
TNS   : -3.022

Type  : Fast 1200mV 0C Model Setup 'clk'
Slack : -0.077
TNS   : -0.077

Type  : Fast 1200mV 0C Model Hold 'ClockDivider:clkDiv|cout'
Slack : 0.174
TNS   : 0.000

Type  : Fast 1200mV 0C Model Hold 'HorizentalVerticalControl:HVControl|VControl[0]'
Slack : 0.253
TNS   : 0.000

Type  : Fast 1200mV 0C Model Hold 'clk'
Slack : 0.303
TNS   : 0.000

Type  : Fast 1200mV 0C Model Minimum Pulse Width 'clk'
Slack : -3.000
TNS   : -4.082

Type  : Fast 1200mV 0C Model Minimum Pulse Width 'ClockDivider:clkDiv|cout'
Slack : -1.000
TNS   : -20.000

Type  : Fast 1200mV 0C Model Minimum Pulse Width 'HorizentalVerticalControl:HVControl|VControl[0]'
Slack : -1.000
TNS   : -20.000

------------------------------------------------------------
