------------------------------------------------------------
Timing Analyzer Summary
------------------------------------------------------------

Type  : Slow 1200mV 85C Model Setup 'ClockDivider:clkDiv|cout'
Slack : -1.171
TNS   : -21.150

Type  : Slow 1200mV 85C Model Setup 'clk'
Slack : -0.679
TNS   : -0.679

Type  : Slow 1200mV 85C Model Hold 'ClockDivider:clkDiv|cout'
Slack : 0.397
TNS   : 0.000

Type  : Slow 1200mV 85C Model Hold 'clk'
Slack : 0.547
TNS   : 0.000

Type  : Slow 1200mV 85C Model Minimum Pulse Width 'clk'
Slack : -3.000
TNS   : -4.222

Type  : Slow 1200mV 85C Model Minimum Pulse Width 'ClockDivider:clkDiv|cout'
Slack : -1.222
TNS   : -24.440

Type  : Slow 1200mV 0C Model Setup 'ClockDivider:clkDiv|cout'
Slack : -0.998
TNS   : -17.930

Type  : Slow 1200mV 0C Model Setup 'clk'
Slack : -0.532
TNS   : -0.532

Type  : Slow 1200mV 0C Model Hold 'ClockDivider:clkDiv|cout'
Slack : 0.366
TNS   : 0.000

Type  : Slow 1200mV 0C Model Hold 'clk'
Slack : 0.465
TNS   : 0.000

Type  : Slow 1200mV 0C Model Minimum Pulse Width 'clk'
Slack : -3.000
TNS   : -4.222

Type  : Slow 1200mV 0C Model Minimum Pulse Width 'ClockDivider:clkDiv|cout'
Slack : -1.222
TNS   : -24.440

Type  : Fast 1200mV 0C Model Setup 'clk'
Slack : -0.036
TNS   : -0.036

Type  : Fast 1200mV 0C Model Setup 'ClockDivider:clkDiv|cout'
Slack : -0.024
TNS   : -0.240

Type  : Fast 1200mV 0C Model Hold 'ClockDivider:clkDiv|cout'
Slack : 0.181
TNS   : 0.000

Type  : Fast 1200mV 0C Model Hold 'clk'
Slack : 0.219
TNS   : 0.000

Type  : Fast 1200mV 0C Model Minimum Pulse Width 'clk'
Slack : -3.000
TNS   : -4.010

Type  : Fast 1200mV 0C Model Minimum Pulse Width 'ClockDivider:clkDiv|cout'
Slack : -1.000
TNS   : -20.000

------------------------------------------------------------
